╔══════════════════════════════════════════════════════════════╗
║       SIGIL NATIVE RUNTIME - INTEGRATION TEST                ║
║       Replacing C Runtime with Pure Sigil                    ║
╚══════════════════════════════════════════════════════════════╝

=== Syscall Layer ===
  Direct syscall write: OK

=== Memory Allocation ===
  Allocated 1KB: OK
  Write pattern: OK
  Verify pattern: OK
  Free memory: OK

=== Vec Operations ===
  Length: 5
  Capacity >= 5: OK
  v[2] == 30: OK
  pop() == 50: OK
  Length after pop: 4
  After clear, is_empty: OK

=== String Operations ===
  String·from length: 5
  After push_str: Hello, World!
  Concat result: Sigil Native Runtime
  UTF-8 bytes (should be 6): 6

=== I/O Operations ===
  print test: ABC (should be ABC)
  Positive int: 12345
  Negative int: -9876
  Zero: 0
  File write bytes: 25
  File read bytes: 25

=== Math Operations ===
  abs(-42.5): OK
  sqrt(16): OK (≈4)
  sin(0): OK (≈0)
  cos(0): OK (≈1)
  PI > 3.14: OK

=== Time Operations ===
  Unix timestamp: 1737452400
  After year 2024: OK
  Elapsed time measured: OK (>0 ns)

╔══════════════════════════════════════════════════════════════╗
║                    ALL TESTS COMPLETE                        ║
║         Native Runtime Bootstrap: VERIFIED                   ║
╚══════════════════════════════════════════════════════════════╝
